1775815829.650885 client started (21563): version 3.4, socket /tmp/tmux-8087/default, protocol 8
1775815829.650922 on Linux 6.8.0-88-generic #89-Ubuntu SMP PREEMPT_DYNAMIC Sat Oct 11 01:02:46 UTC 2025
1775815829.650928 using libevent 2.1.12-stable poll
1775815829.650931 using ncurses 6.4 20240113
1775815829.650945 flags are 0x18010000
1775815829.650958 socket is /tmp/tmux-8087/default
1775815829.650970 trying connect
1775815829.651031 add peer 0x5e3948bceb80: 6 ((nil))
1775815829.651339 sending message 100 to peer 0x5e3948bceb80 (4 bytes)
1775815829.651346 sending message 111 to peer 0x5e3948bceb80 (8 bytes)
1775815829.651350 sending message 101 to peer 0x5e3948bceb80 (15 bytes)
1775815829.651352 sending message 109 to peer 0x5e3948bceb80 (4 bytes)
1775815829.651355 sending message 102 to peer 0x5e3948bceb80 (11 bytes)
1775815829.651358 sending message 108 to peer 0x5e3948bceb80 (37 bytes)
1775815829.651361 sending message 112 to peer 0x5e3948bceb80 (58 bytes)
1775815829.651364 sending message 112 to peer 0x5e3948bceb80 (5 bytes)
1775815829.651367 sending message 112 to peer 0x5e3948bceb80 (5 bytes)
1775815829.651370 sending message 112 to peer 0x5e3948bceb80 (6 bytes)
1775815829.651372 sending message 112 to peer 0x5e3948bceb80 (6 bytes)
1775815829.651375 sending message 112 to peer 0x5e3948bceb80 (11 bytes)
1775815829.651377 sending message 112 to peer 0x5e3948bceb80 (10 bytes)
1775815829.651380 sending message 112 to peer 0x5e3948bceb80 (13 bytes)
1775815829.651383 sending message 112 to peer 0x5e3948bceb80 (14 bytes)
1775815829.651385 sending message 112 to peer 0x5e3948bceb80 (19 bytes)
1775815829.651388 sending message 112 to peer 0x5e3948bceb80 (11 bytes)
1775815829.651391 sending message 112 to peer 0x5e3948bceb80 (10 bytes)
1775815829.651393 sending message 112 to peer 0x5e3948bceb80 (15 bytes)
1775815829.651396 sending message 112 to peer 0x5e3948bceb80 (21 bytes)
1775815829.651398 sending message 112 to peer 0x5e3948bceb80 (13 bytes)
1775815829.651401 sending message 112 to peer 0x5e3948bceb80 (7 bytes)
1775815829.651404 sending message 112 to peer 0x5e3948bceb80 (13 bytes)
1775815829.651406 sending message 112 to peer 0x5e3948bceb80 (7 bytes)
1775815829.651409 sending message 112 to peer 0x5e3948bceb80 (13 bytes)
1775815829.651411 sending message 112 to peer 0x5e3948bceb80 (9 bytes)
1775815829.651414 sending message 112 to peer 0x5e3948bceb80 (21 bytes)
1775815829.651417 sending message 112 to peer 0x5e3948bceb80 (13 bytes)
1775815829.651419 sending message 112 to peer 0x5e3948bceb80 (9 bytes)
1775815829.651422 sending message 112 to peer 0x5e3948bceb80 (16 bytes)
1775815829.651425 sending message 112 to peer 0x5e3948bceb80 (13 bytes)
1775815829.651427 sending message 112 to peer 0x5e3948bceb80 (9 bytes)
1775815829.651430 sending message 112 to peer 0x5e3948bceb80 (9 bytes)
1775815829.651433 sending message 112 to peer 0x5e3948bceb80 (12 bytes)
1775815829.651435 sending message 112 to peer 0x5e3948bceb80 (8 bytes)
1775815829.651438 sending message 112 to peer 0x5e3948bceb80 (8 bytes)
1775815829.651440 sending message 112 to peer 0x5e3948bceb80 (13 bytes)
1775815829.651443 sending message 112 to peer 0x5e3948bceb80 (7 bytes)
1775815829.651446 sending message 112 to peer 0x5e3948bceb80 (7 bytes)
1775815829.651448 sending message 112 to peer 0x5e3948bceb80 (9 bytes)
1775815829.651451 sending message 112 to peer 0x5e3948bceb80 (9 bytes)
1775815829.651454 sending message 112 to peer 0x5e3948bceb80 (15 bytes)
1775815829.651456 sending message 112 to peer 0x5e3948bceb80 (13 bytes)
1775815829.651459 sending message 112 to peer 0x5e3948bceb80 (12 bytes)
1775815829.651461 sending message 112 to peer 0x5e3948bceb80 (8 bytes)
1775815829.651464 sending message 112 to peer 0x5e3948bceb80 (14 bytes)
1775815829.651467 sending message 112 to peer 0x5e3948bceb80 (11 bytes)
1775815829.651469 sending message 112 to peer 0x5e3948bceb80 (9 bytes)
1775815829.651472 sending message 112 to peer 0x5e3948bceb80 (10 bytes)
1775815829.651474 sending message 112 to peer 0x5e3948bceb80 (10 bytes)
1775815829.651477 sending message 112 to peer 0x5e3948bceb80 (10 bytes)
1775815829.651485 sending message 112 to peer 0x5e3948bceb80 (10 bytes)
1775815829.651487 sending message 112 to peer 0x5e3948bceb80 (11 bytes)
1775815829.651490 sending message 112 to peer 0x5e3948bceb80 (12 bytes)
1775815829.651493 sending message 112 to peer 0x5e3948bceb80 (12 bytes)
1775815829.651495 sending message 112 to peer 0x5e3948bceb80 (12 bytes)
1775815829.651498 sending message 112 to peer 0x5e3948bceb80 (12 bytes)
1775815829.651500 sending message 112 to peer 0x5e3948bceb80 (12 bytes)
1775815829.651503 sending message 112 to peer 0x5e3948bceb80 (11 bytes)
1775815829.651505 sending message 112 to peer 0x5e3948bceb80 (11 bytes)
1775815829.651508 sending message 112 to peer 0x5e3948bceb80 (12 bytes)
1775815829.651510 sending message 112 to peer 0x5e3948bceb80 (12 bytes)
1775815829.651513 sending message 112 to peer 0x5e3948bceb80 (12 bytes)
1775815829.651515 sending message 112 to peer 0x5e3948bceb80 (12 bytes)
1775815829.651518 sending message 112 to peer 0x5e3948bceb80 (12 bytes)
1775815829.651520 sending message 112 to peer 0x5e3948bceb80 (9 bytes)
1775815829.651523 sending message 112 to peer 0x5e3948bceb80 (12 bytes)
1775815829.651525 sending message 112 to peer 0x5e3948bceb80 (13 bytes)
1775815829.651528 sending message 112 to peer 0x5e3948bceb80 (13 bytes)
1775815829.651530 sending message 112 to peer 0x5e3948bceb80 (13 bytes)
1775815829.651533 sending message 112 to peer 0x5e3948bceb80 (13 bytes)
1775815829.651535 sending message 112 to peer 0x5e3948bceb80 (13 bytes)
1775815829.651538 sending message 112 to peer 0x5e3948bceb80 (8 bytes)
1775815829.651540 sending message 112 to peer 0x5e3948bceb80 (11 bytes)
1775815829.651543 sending message 112 to peer 0x5e3948bceb80 (11 bytes)
1775815829.651545 sending message 112 to peer 0x5e3948bceb80 (11 bytes)
1775815829.651548 sending message 112 to peer 0x5e3948bceb80 (12 bytes)
1775815829.651550 sending message 112 to peer 0x5e3948bceb80 (12 bytes)
1775815829.651553 sending message 112 to peer 0x5e3948bceb80 (12 bytes)
1775815829.651555 sending message 112 to peer 0x5e3948bceb80 (12 bytes)
1775815829.651558 sending message 112 to peer 0x5e3948bceb80 (13 bytes)
1775815829.651560 sending message 112 to peer 0x5e3948bceb80 (13 bytes)
1775815829.651563 sending message 112 to peer 0x5e3948bceb80 (13 bytes)
1775815829.651565 sending message 112 to peer 0x5e3948bceb80 (8 bytes)
1775815829.651568 sending message 112 to peer 0x5e3948bceb80 (13 bytes)
1775815829.651570 sending message 112 to peer 0x5e3948bceb80 (13 bytes)
1775815829.651573 sending message 112 to peer 0x5e3948bceb80 (13 bytes)
1775815829.651575 sending message 112 to peer 0x5e3948bceb80 (13 bytes)
1775815829.651578 sending message 112 to peer 0x5e3948bceb80 (13 bytes)
1775815829.651580 sending message 112 to peer 0x5e3948bceb80 (12 bytes)
1775815829.651583 sending message 112 to peer 0x5e3948bceb80 (12 bytes)
1775815829.651585 sending message 112 to peer 0x5e3948bceb80 (12 bytes)
1775815829.651588 sending message 112 to peer 0x5e3948bceb80 (12 bytes)
1775815829.651590 sending message 112 to peer 0x5e3948bceb80 (13 bytes)
1775815829.651593 sending message 112 to peer 0x5e3948bceb80 (8 bytes)
1775815829.651595 sending message 112 to peer 0x5e3948bceb80 (13 bytes)
1775815829.651598 sending message 112 to peer 0x5e3948bceb80 (13 bytes)
1775815829.651600 sending message 112 to peer 0x5e3948bceb80 (13 bytes)
1775815829.651603 sending message 112 to peer 0x5e3948bceb80 (13 bytes)
1775815829.651605 sending message 112 to peer 0x5e3948bceb80 (13 bytes)
1775815829.651608 sending message 112 to peer 0x5e3948bceb80 (13 bytes)
1775815829.651610 sending message 112 to peer 0x5e3948bceb80 (13 bytes)
1775815829.651613 sending message 112 to peer 0x5e3948bceb80 (12 bytes)
1775815829.651615 sending message 112 to peer 0x5e3948bceb80 (12 bytes)
1775815829.651618 sending message 112 to peer 0x5e3948bceb80 (12 bytes)
1775815829.651620 sending message 112 to peer 0x5e3948bceb80 (8 bytes)
1775815829.651623 sending message 112 to peer 0x5e3948bceb80 (12 bytes)
1775815829.651625 sending message 112 to peer 0x5e3948bceb80 (13 bytes)
1775815829.651630 sending message 112 to peer 0x5e3948bceb80 (13 bytes)
1775815829.651633 sending message 112 to peer 0x5e3948bceb80 (13 bytes)
1775815829.651636 sending message 112 to peer 0x5e3948bceb80 (13 bytes)
1775815829.651638 sending message 112 to peer 0x5e3948bceb80 (13 bytes)
1775815829.651641 sending message 112 to peer 0x5e3948bceb80 (13 bytes)
1775815829.651643 sending message 112 to peer 0x5e3948bceb80 (13 bytes)
1775815829.651646 sending message 112 to peer 0x5e3948bceb80 (13 bytes)
1775815829.651648 sending message 112 to peer 0x5e3948bceb80 (12 bytes)
1775815829.651651 sending message 112 to peer 0x5e3948bceb80 (10 bytes)
1775815829.651653 sending message 112 to peer 0x5e3948bceb80 (12 bytes)
1775815829.651655 sending message 112 to peer 0x5e3948bceb80 (12 bytes)
1775815829.651658 sending message 112 to peer 0x5e3948bceb80 (12 bytes)
1775815829.651660 sending message 112 to peer 0x5e3948bceb80 (13 bytes)
1775815829.651663 sending message 112 to peer 0x5e3948bceb80 (13 bytes)
1775815829.651665 sending message 112 to peer 0x5e3948bceb80 (13 bytes)
1775815829.651668 sending message 112 to peer 0x5e3948bceb80 (13 bytes)
1775815829.651671 sending message 112 to peer 0x5e3948bceb80 (13 bytes)
1775815829.651673 sending message 112 to peer 0x5e3948bceb80 (13 bytes)
1775815829.651675 sending message 112 to peer 0x5e3948bceb80 (13 bytes)
1775815829.651678 sending message 112 to peer 0x5e3948bceb80 (10 bytes)
1775815829.651680 sending message 112 to peer 0x5e3948bceb80 (13 bytes)
1775815829.651683 sending message 112 to peer 0x5e3948bceb80 (12 bytes)
1775815829.651686 sending message 112 to peer 0x5e3948bceb80 (12 bytes)
1775815829.651688 sending message 112 to peer 0x5e3948bceb80 (12 bytes)
1775815829.651691 sending message 112 to peer 0x5e3948bceb80 (10 bytes)
1775815829.651693 sending message 112 to peer 0x5e3948bceb80 (10 bytes)
1775815829.651696 sending message 112 to peer 0x5e3948bceb80 (10 bytes)
1775815829.651699 sending message 112 to peer 0x5e3948bceb80 (12 bytes)
1775815829.651701 sending message 112 to peer 0x5e3948bceb80 (13 bytes)
1775815829.651704 sending message 112 to peer 0x5e3948bceb80 (13 bytes)
1775815829.651706 sending message 112 to peer 0x5e3948bceb80 (13 bytes)
1775815829.651709 sending message 112 to peer 0x5e3948bceb80 (13 bytes)
1775815829.651711 sending message 112 to peer 0x5e3948bceb80 (13 bytes)
1775815829.651714 sending message 112 to peer 0x5e3948bceb80 (10 bytes)
1775815829.651716 sending message 112 to peer 0x5e3948bceb80 (11 bytes)
1775815829.651719 sending message 112 to peer 0x5e3948bceb80 (12 bytes)
1775815829.651721 sending message 112 to peer 0x5e3948bceb80 (12 bytes)
1775815829.651724 sending message 112 to peer 0x5e3948bceb80 (12 bytes)
1775815829.651726 sending message 112 to peer 0x5e3948bceb80 (12 bytes)
1775815829.651729 sending message 112 to peer 0x5e3948bceb80 (12 bytes)
1775815829.651731 sending message 112 to peer 0x5e3948bceb80 (11 bytes)
1775815829.651734 sending message 112 to peer 0x5e3948bceb80 (12 bytes)
1775815829.651736 sending message 112 to peer 0x5e3948bceb80 (12 bytes)
1775815829.651739 sending message 112 to peer 0x5e3948bceb80 (13 bytes)
1775815829.651741 sending message 112 to peer 0x5e3948bceb80 (13 bytes)
1775815829.651744 sending message 112 to peer 0x5e3948bceb80 (13 bytes)
1775815829.651746 sending message 112 to peer 0x5e3948bceb80 (13 bytes)
1775815829.651749 sending message 112 to peer 0x5e3948bceb80 (13 bytes)
1775815829.651751 sending message 112 to peer 0x5e3948bceb80 (10 bytes)
1775815829.651754 sending message 112 to peer 0x5e3948bceb80 (9 bytes)
1775815829.651757 sending message 112 to peer 0x5e3948bceb80 (12 bytes)
1775815829.651760 sending message 112 to peer 0x5e3948bceb80 (13 bytes)
1775815829.651762 sending message 112 to peer 0x5e3948bceb80 (13 bytes)
1775815829.651765 sending message 112 to peer 0x5e3948bceb80 (13 bytes)
1775815829.651767 sending message 112 to peer 0x5e3948bceb80 (13 bytes)
1775815829.651770 sending message 112 to peer 0x5e3948bceb80 (13 bytes)
1775815829.651772 sending message 112 to peer 0x5e3948bceb80 (9 bytes)
1775815829.651777 sending message 112 to peer 0x5e3948bceb80 (12 bytes)
1775815829.651779 sending message 112 to peer 0x5e3948bceb80 (13 bytes)
1775815829.651782 sending message 112 to peer 0x5e3948bceb80 (13 bytes)
1775815829.651784 sending message 112 to peer 0x5e3948bceb80 (13 bytes)
1775815829.651787 sending message 112 to peer 0x5e3948bceb80 (13 bytes)
1775815829.651790 sending message 112 to peer 0x5e3948bceb80 (13 bytes)
1775815829.651792 sending message 112 to peer 0x5e3948bceb80 (11 bytes)
1775815829.651795 sending message 112 to peer 0x5e3948bceb80 (12 bytes)
1775815829.651797 sending message 112 to peer 0x5e3948bceb80 (13 bytes)
1775815829.651800 sending message 112 to peer 0x5e3948bceb80 (13 bytes)
1775815829.651802 sending message 112 to peer 0x5e3948bceb80 (13 bytes)
1775815829.651805 sending message 112 to peer 0x5e3948bceb80 (13 bytes)
1775815829.651807 sending message 112 to peer 0x5e3948bceb80 (13 bytes)
1775815829.651810 sending message 112 to peer 0x5e3948bceb80 (11 bytes)
1775815829.651812 sending message 112 to peer 0x5e3948bceb80 (12 bytes)
1775815829.651815 sending message 112 to peer 0x5e3948bceb80 (12 bytes)
1775815829.651818 sending message 112 to peer 0x5e3948bceb80 (12 bytes)
1775815829.651820 sending message 112 to peer 0x5e3948bceb80 (12 bytes)
1775815829.651823 sending message 112 to peer 0x5e3948bceb80 (12 bytes)
1775815829.651825 sending message 112 to peer 0x5e3948bceb80 (21 bytes)
1775815829.651828 sending message 112 to peer 0x5e3948bceb80 (12 bytes)
1775815829.651831 sending message 112 to peer 0x5e3948bceb80 (9 bytes)
1775815829.651833 sending message 112 to peer 0x5e3948bceb80 (6 bytes)
1775815829.651836 sending message 112 to peer 0x5e3948bceb80 (13 bytes)
1775815829.651839 sending message 112 to peer 0x5e3948bceb80 (10 bytes)
1775815829.651841 sending message 112 to peer 0x5e3948bceb80 (24 bytes)
1775815829.651844 sending message 112 to peer 0x5e3948bceb80 (13 bytes)
1775815829.651846 sending message 112 to peer 0x5e3948bceb80 (9 bytes)
1775815829.651849 sending message 112 to peer 0x5e3948bceb80 (70 bytes)
1775815829.651852 sending message 112 to peer 0x5e3948bceb80 (69 bytes)
1775815829.651854 sending message 112 to peer 0x5e3948bceb80 (12 bytes)
1775815829.651857 sending message 112 to peer 0x5e3948bceb80 (10 bytes)
1775815829.651859 sending message 112 to peer 0x5e3948bceb80 (10 bytes)
1775815829.651862 sending message 112 to peer 0x5e3948bceb80 (24 bytes)
1775815829.651864 sending message 112 to peer 0x5e3948bceb80 (13 bytes)
1775815829.651867 sending message 112 to peer 0x5e3948bceb80 (10 bytes)
1775815829.651870 sending message 112 to peer 0x5e3948bceb80 (10 bytes)
1775815829.651873 sending message 112 to peer 0x5e3948bceb80 (10 bytes)
1775815829.651875 sending message 112 to peer 0x5e3948bceb80 (13 bytes)
1775815829.651878 sending message 112 to peer 0x5e3948bceb80 (15 bytes)
1775815829.651881 sending message 112 to peer 0x5e3948bceb80 (5 bytes)
1775815829.651884 sending message 104 to peer 0x5e3948bceb80 (0 bytes)
1775815829.651887 sending message 110 to peer 0x5e3948bceb80 (0 bytes)
1775815829.651890 sending message 107 to peer 0x5e3948bceb80 (4 bytes)
1775815829.651893 sending message 105 to peer 0x5e3948bceb80 (16 bytes)
1775815829.651896 sending message 105 to peer 0x5e3948bceb80 (20 bytes)
1775815829.651899 sending message 105 to peer 0x5e3948bceb80 (173 bytes)
1775815829.651907 sending message 105 to peer 0x5e3948bceb80 (29 bytes)
1775815829.651912 sending message 105 to peer 0x5e3948bceb80 (46 bytes)
1775815829.651915 sending message 105 to peer 0x5e3948bceb80 (7 bytes)
1775815829.651917 sending message 105 to peer 0x5e3948bceb80 (54 bytes)
1775815829.651920 sending message 105 to peer 0x5e3948bceb80 (33 bytes)
1775815829.651923 sending message 105 to peer 0x5e3948bceb80 (41 bytes)
1775815829.651926 sending message 105 to peer 0x5e3948bceb80 (17 bytes)
1775815829.651928 sending message 105 to peer 0x5e3948bceb80 (121 bytes)
1775815829.651931 sending message 105 to peer 0x5e3948bceb80 (126 bytes)
1775815829.651934 sending message 105 to peer 0x5e3948bceb80 (20 bytes)
1775815829.651939 sending message 105 to peer 0x5e3948bceb80 (13 bytes)
1775815829.651942 sending message 105 to peer 0x5e3948bceb80 (1817 bytes)
1775815829.651955 sending message 105 to peer 0x5e3948bceb80 (135 bytes)
1775815829.651957 sending message 105 to peer 0x5e3948bceb80 (32 bytes)
1775815829.651960 sending message 105 to peer 0x5e3948bceb80 (140 bytes)
1775815829.651963 sending message 105 to peer 0x5e3948bceb80 (46 bytes)
1775815829.651966 sending message 105 to peer 0x5e3948bceb80 (31 bytes)
1775815829.651968 sending message 105 to peer 0x5e3948bceb80 (35 bytes)
1775815829.651971 sending message 105 to peer 0x5e3948bceb80 (47 bytes)
1775815829.651974 sending message 105 to peer 0x5e3948bceb80 (34 bytes)
1775815829.651976 sending message 105 to peer 0x5e3948bceb80 (38 bytes)
1775815829.651979 sending message 105 to peer 0x5e3948bceb80 (20 bytes)
1775815829.651981 sending message 105 to peer 0x5e3948bceb80 (20 bytes)
1775815829.651984 sending message 105 to peer 0x5e3948bceb80 (11 bytes)
1775815829.651987 sending message 105 to peer 0x5e3948bceb80 (32 bytes)
1775815829.651989 sending message 105 to peer 0x5e3948bceb80 (14 bytes)
1775815829.651992 sending message 105 to peer 0x5e3948bceb80 (54 bytes)
1775815829.651994 sending message 105 to peer 0x5e3948bceb80 (14 bytes)
1775815829.651997 sending message 105 to peer 0x5e3948bceb80 (8 bytes)
1775815829.652000 sending message 105 to peer 0x5e3948bceb80 (54 bytes)
1775815829.652002 sending message 105 to peer 0x5e3948bceb80 (36 bytes)
1775815829.652005 sending message 105 to peer 0x5e3948bceb80 (31 bytes)
1775815829.652008 sending message 105 to peer 0x5e3948bceb80 (157 bytes)
1775815829.652010 sending message 105 to peer 0x5e3948bceb80 (128 bytes)
1775815829.652013 sending message 105 to peer 0x5e3948bceb80 (362 bytes)
1775815829.652016 sending message 105 to peer 0x5e3948bceb80 (20 bytes)
1775815829.652019 sending message 105 to peer 0x5e3948bceb80 (78 bytes)
1775815829.652021 sending message 105 to peer 0x5e3948bceb80 (16 bytes)
1775815829.652024 sending message 106 to peer 0x5e3948bceb80 (0 bytes)
1775815829.652073 sending message 200 to peer 0x5e3948bceb80 (4 bytes)
1775815829.652076 client loop enter
1775815829.657288 peer 0x5e3948bceb80 message 207
1775815829.657296 sending message 208 to peer 0x5e3948bceb80 (0 bytes)
1775815835.968324 peer 0x5e3948bceb80 message 203
1775815835.968345 sending message 205 to peer 0x5e3948bceb80 (0 bytes)
1775815835.969089 peer 0x5e3948bceb80 message 204
1775815835.969095 client loop exit
