1775815801.582477 client started (21432): version 3.4, socket /tmp/tmux-8087/default, protocol 8
1775815801.582504 on Linux 6.8.0-88-generic #89-Ubuntu SMP PREEMPT_DYNAMIC Sat Oct 11 01:02:46 UTC 2025
1775815801.582508 using libevent 2.1.12-stable poll
1775815801.582511 using ncurses 6.4 20240113
1775815801.582526 flags are 0x18010000
1775815801.582542 socket is /tmp/tmux-8087/default
1775815801.582553 trying connect
1775815801.582626 add peer 0x5c19b24b8b80: 6 ((nil))
1775815801.582962 sending message 100 to peer 0x5c19b24b8b80 (4 bytes)
1775815801.582973 sending message 111 to peer 0x5c19b24b8b80 (8 bytes)
1775815801.582976 sending message 101 to peer 0x5c19b24b8b80 (15 bytes)
1775815801.582979 sending message 109 to peer 0x5c19b24b8b80 (4 bytes)
1775815801.582982 sending message 102 to peer 0x5c19b24b8b80 (11 bytes)
1775815801.582984 sending message 108 to peer 0x5c19b24b8b80 (37 bytes)
1775815801.582988 sending message 112 to peer 0x5c19b24b8b80 (58 bytes)
1775815801.582991 sending message 112 to peer 0x5c19b24b8b80 (5 bytes)
1775815801.582994 sending message 112 to peer 0x5c19b24b8b80 (5 bytes)
1775815801.582996 sending message 112 to peer 0x5c19b24b8b80 (6 bytes)
1775815801.582999 sending message 112 to peer 0x5c19b24b8b80 (6 bytes)
1775815801.583001 sending message 112 to peer 0x5c19b24b8b80 (11 bytes)
1775815801.583004 sending message 112 to peer 0x5c19b24b8b80 (10 bytes)
1775815801.583006 sending message 112 to peer 0x5c19b24b8b80 (13 bytes)
1775815801.583009 sending message 112 to peer 0x5c19b24b8b80 (14 bytes)
1775815801.583011 sending message 112 to peer 0x5c19b24b8b80 (19 bytes)
1775815801.583014 sending message 112 to peer 0x5c19b24b8b80 (11 bytes)
1775815801.583017 sending message 112 to peer 0x5c19b24b8b80 (10 bytes)
1775815801.583019 sending message 112 to peer 0x5c19b24b8b80 (15 bytes)
1775815801.583022 sending message 112 to peer 0x5c19b24b8b80 (21 bytes)
1775815801.583024 sending message 112 to peer 0x5c19b24b8b80 (13 bytes)
1775815801.583027 sending message 112 to peer 0x5c19b24b8b80 (7 bytes)
1775815801.583029 sending message 112 to peer 0x5c19b24b8b80 (13 bytes)
1775815801.583032 sending message 112 to peer 0x5c19b24b8b80 (7 bytes)
1775815801.583034 sending message 112 to peer 0x5c19b24b8b80 (13 bytes)
1775815801.583037 sending message 112 to peer 0x5c19b24b8b80 (9 bytes)
1775815801.583039 sending message 112 to peer 0x5c19b24b8b80 (21 bytes)
1775815801.583042 sending message 112 to peer 0x5c19b24b8b80 (13 bytes)
1775815801.583044 sending message 112 to peer 0x5c19b24b8b80 (9 bytes)
1775815801.583047 sending message 112 to peer 0x5c19b24b8b80 (16 bytes)
1775815801.583050 sending message 112 to peer 0x5c19b24b8b80 (13 bytes)
1775815801.583052 sending message 112 to peer 0x5c19b24b8b80 (9 bytes)
1775815801.583055 sending message 112 to peer 0x5c19b24b8b80 (9 bytes)
1775815801.583057 sending message 112 to peer 0x5c19b24b8b80 (12 bytes)
1775815801.583060 sending message 112 to peer 0x5c19b24b8b80 (8 bytes)
1775815801.583062 sending message 112 to peer 0x5c19b24b8b80 (8 bytes)
1775815801.583065 sending message 112 to peer 0x5c19b24b8b80 (13 bytes)
1775815801.583067 sending message 112 to peer 0x5c19b24b8b80 (7 bytes)
1775815801.583070 sending message 112 to peer 0x5c19b24b8b80 (7 bytes)
1775815801.583072 sending message 112 to peer 0x5c19b24b8b80 (9 bytes)
1775815801.583075 sending message 112 to peer 0x5c19b24b8b80 (9 bytes)
1775815801.583077 sending message 112 to peer 0x5c19b24b8b80 (15 bytes)
1775815801.583080 sending message 112 to peer 0x5c19b24b8b80 (13 bytes)
1775815801.583083 sending message 112 to peer 0x5c19b24b8b80 (12 bytes)
1775815801.583085 sending message 112 to peer 0x5c19b24b8b80 (8 bytes)
1775815801.583088 sending message 112 to peer 0x5c19b24b8b80 (14 bytes)
1775815801.583091 sending message 112 to peer 0x5c19b24b8b80 (11 bytes)
1775815801.583093 sending message 112 to peer 0x5c19b24b8b80 (9 bytes)
1775815801.583096 sending message 112 to peer 0x5c19b24b8b80 (10 bytes)
1775815801.583099 sending message 112 to peer 0x5c19b24b8b80 (10 bytes)
1775815801.583101 sending message 112 to peer 0x5c19b24b8b80 (10 bytes)
1775815801.583110 sending message 112 to peer 0x5c19b24b8b80 (10 bytes)
1775815801.583113 sending message 112 to peer 0x5c19b24b8b80 (11 bytes)
1775815801.583115 sending message 112 to peer 0x5c19b24b8b80 (12 bytes)
1775815801.583118 sending message 112 to peer 0x5c19b24b8b80 (12 bytes)
1775815801.583120 sending message 112 to peer 0x5c19b24b8b80 (12 bytes)
1775815801.583123 sending message 112 to peer 0x5c19b24b8b80 (12 bytes)
1775815801.583125 sending message 112 to peer 0x5c19b24b8b80 (12 bytes)
1775815801.583128 sending message 112 to peer 0x5c19b24b8b80 (11 bytes)
1775815801.583130 sending message 112 to peer 0x5c19b24b8b80 (11 bytes)
1775815801.583133 sending message 112 to peer 0x5c19b24b8b80 (12 bytes)
1775815801.583135 sending message 112 to peer 0x5c19b24b8b80 (12 bytes)
1775815801.583138 sending message 112 to peer 0x5c19b24b8b80 (12 bytes)
1775815801.583140 sending message 112 to peer 0x5c19b24b8b80 (12 bytes)
1775815801.583143 sending message 112 to peer 0x5c19b24b8b80 (12 bytes)
1775815801.583145 sending message 112 to peer 0x5c19b24b8b80 (9 bytes)
1775815801.583148 sending message 112 to peer 0x5c19b24b8b80 (12 bytes)
1775815801.583150 sending message 112 to peer 0x5c19b24b8b80 (13 bytes)
1775815801.583153 sending message 112 to peer 0x5c19b24b8b80 (13 bytes)
1775815801.583155 sending message 112 to peer 0x5c19b24b8b80 (13 bytes)
1775815801.583158 sending message 112 to peer 0x5c19b24b8b80 (13 bytes)
1775815801.583161 sending message 112 to peer 0x5c19b24b8b80 (13 bytes)
1775815801.583164 sending message 112 to peer 0x5c19b24b8b80 (8 bytes)
1775815801.583166 sending message 112 to peer 0x5c19b24b8b80 (11 bytes)
1775815801.583169 sending message 112 to peer 0x5c19b24b8b80 (11 bytes)
1775815801.583171 sending message 112 to peer 0x5c19b24b8b80 (11 bytes)
1775815801.583174 sending message 112 to peer 0x5c19b24b8b80 (12 bytes)
1775815801.583177 sending message 112 to peer 0x5c19b24b8b80 (12 bytes)
1775815801.583179 sending message 112 to peer 0x5c19b24b8b80 (12 bytes)
1775815801.583182 sending message 112 to peer 0x5c19b24b8b80 (12 bytes)
1775815801.583184 sending message 112 to peer 0x5c19b24b8b80 (13 bytes)
1775815801.583187 sending message 112 to peer 0x5c19b24b8b80 (13 bytes)
1775815801.583189 sending message 112 to peer 0x5c19b24b8b80 (13 bytes)
1775815801.583192 sending message 112 to peer 0x5c19b24b8b80 (8 bytes)
1775815801.583194 sending message 112 to peer 0x5c19b24b8b80 (13 bytes)
1775815801.583197 sending message 112 to peer 0x5c19b24b8b80 (13 bytes)
1775815801.583199 sending message 112 to peer 0x5c19b24b8b80 (13 bytes)
1775815801.583202 sending message 112 to peer 0x5c19b24b8b80 (13 bytes)
1775815801.583204 sending message 112 to peer 0x5c19b24b8b80 (13 bytes)
1775815801.583207 sending message 112 to peer 0x5c19b24b8b80 (12 bytes)
1775815801.583210 sending message 112 to peer 0x5c19b24b8b80 (12 bytes)
1775815801.583212 sending message 112 to peer 0x5c19b24b8b80 (12 bytes)
1775815801.583215 sending message 112 to peer 0x5c19b24b8b80 (12 bytes)
1775815801.583217 sending message 112 to peer 0x5c19b24b8b80 (13 bytes)
1775815801.583220 sending message 112 to peer 0x5c19b24b8b80 (8 bytes)
1775815801.583222 sending message 112 to peer 0x5c19b24b8b80 (13 bytes)
1775815801.583225 sending message 112 to peer 0x5c19b24b8b80 (13 bytes)
1775815801.583229 sending message 112 to peer 0x5c19b24b8b80 (13 bytes)
1775815801.583231 sending message 112 to peer 0x5c19b24b8b80 (13 bytes)
1775815801.583234 sending message 112 to peer 0x5c19b24b8b80 (13 bytes)
1775815801.583236 sending message 112 to peer 0x5c19b24b8b80 (13 bytes)
1775815801.583239 sending message 112 to peer 0x5c19b24b8b80 (13 bytes)
1775815801.583241 sending message 112 to peer 0x5c19b24b8b80 (12 bytes)
1775815801.583244 sending message 112 to peer 0x5c19b24b8b80 (12 bytes)
1775815801.583246 sending message 112 to peer 0x5c19b24b8b80 (12 bytes)
1775815801.583249 sending message 112 to peer 0x5c19b24b8b80 (8 bytes)
1775815801.583252 sending message 112 to peer 0x5c19b24b8b80 (12 bytes)
1775815801.583254 sending message 112 to peer 0x5c19b24b8b80 (13 bytes)
1775815801.583260 sending message 112 to peer 0x5c19b24b8b80 (13 bytes)
1775815801.583263 sending message 112 to peer 0x5c19b24b8b80 (13 bytes)
1775815801.583265 sending message 112 to peer 0x5c19b24b8b80 (13 bytes)
1775815801.583268 sending message 112 to peer 0x5c19b24b8b80 (13 bytes)
1775815801.583270 sending message 112 to peer 0x5c19b24b8b80 (13 bytes)
1775815801.583273 sending message 112 to peer 0x5c19b24b8b80 (13 bytes)
1775815801.583276 sending message 112 to peer 0x5c19b24b8b80 (13 bytes)
1775815801.583278 sending message 112 to peer 0x5c19b24b8b80 (12 bytes)
1775815801.583281 sending message 112 to peer 0x5c19b24b8b80 (10 bytes)
1775815801.583283 sending message 112 to peer 0x5c19b24b8b80 (12 bytes)
1775815801.583286 sending message 112 to peer 0x5c19b24b8b80 (12 bytes)
1775815801.583288 sending message 112 to peer 0x5c19b24b8b80 (12 bytes)
1775815801.583291 sending message 112 to peer 0x5c19b24b8b80 (13 bytes)
1775815801.583294 sending message 112 to peer 0x5c19b24b8b80 (13 bytes)
1775815801.583296 sending message 112 to peer 0x5c19b24b8b80 (13 bytes)
1775815801.583299 sending message 112 to peer 0x5c19b24b8b80 (13 bytes)
1775815801.583301 sending message 112 to peer 0x5c19b24b8b80 (13 bytes)
1775815801.583304 sending message 112 to peer 0x5c19b24b8b80 (13 bytes)
1775815801.583306 sending message 112 to peer 0x5c19b24b8b80 (13 bytes)
1775815801.583309 sending message 112 to peer 0x5c19b24b8b80 (10 bytes)
1775815801.583311 sending message 112 to peer 0x5c19b24b8b80 (13 bytes)
1775815801.583314 sending message 112 to peer 0x5c19b24b8b80 (12 bytes)
1775815801.583316 sending message 112 to peer 0x5c19b24b8b80 (12 bytes)
1775815801.583319 sending message 112 to peer 0x5c19b24b8b80 (12 bytes)
1775815801.583321 sending message 112 to peer 0x5c19b24b8b80 (10 bytes)
1775815801.583324 sending message 112 to peer 0x5c19b24b8b80 (10 bytes)
1775815801.583326 sending message 112 to peer 0x5c19b24b8b80 (10 bytes)
1775815801.583329 sending message 112 to peer 0x5c19b24b8b80 (12 bytes)
1775815801.583331 sending message 112 to peer 0x5c19b24b8b80 (13 bytes)
1775815801.583334 sending message 112 to peer 0x5c19b24b8b80 (13 bytes)
1775815801.583336 sending message 112 to peer 0x5c19b24b8b80 (13 bytes)
1775815801.583339 sending message 112 to peer 0x5c19b24b8b80 (13 bytes)
1775815801.583341 sending message 112 to peer 0x5c19b24b8b80 (13 bytes)
1775815801.583344 sending message 112 to peer 0x5c19b24b8b80 (10 bytes)
1775815801.583346 sending message 112 to peer 0x5c19b24b8b80 (11 bytes)
1775815801.583349 sending message 112 to peer 0x5c19b24b8b80 (12 bytes)
1775815801.583352 sending message 112 to peer 0x5c19b24b8b80 (12 bytes)
1775815801.583354 sending message 112 to peer 0x5c19b24b8b80 (12 bytes)
1775815801.583357 sending message 112 to peer 0x5c19b24b8b80 (12 bytes)
1775815801.583360 sending message 112 to peer 0x5c19b24b8b80 (12 bytes)
1775815801.583363 sending message 112 to peer 0x5c19b24b8b80 (11 bytes)
1775815801.583365 sending message 112 to peer 0x5c19b24b8b80 (12 bytes)
1775815801.583368 sending message 112 to peer 0x5c19b24b8b80 (12 bytes)
1775815801.583370 sending message 112 to peer 0x5c19b24b8b80 (13 bytes)
1775815801.583373 sending message 112 to peer 0x5c19b24b8b80 (13 bytes)
1775815801.583375 sending message 112 to peer 0x5c19b24b8b80 (13 bytes)
1775815801.583378 sending message 112 to peer 0x5c19b24b8b80 (13 bytes)
1775815801.583380 sending message 112 to peer 0x5c19b24b8b80 (13 bytes)
1775815801.583383 sending message 112 to peer 0x5c19b24b8b80 (10 bytes)
1775815801.583385 sending message 112 to peer 0x5c19b24b8b80 (9 bytes)
1775815801.583388 sending message 112 to peer 0x5c19b24b8b80 (12 bytes)
1775815801.583390 sending message 112 to peer 0x5c19b24b8b80 (13 bytes)
1775815801.583393 sending message 112 to peer 0x5c19b24b8b80 (13 bytes)
1775815801.583395 sending message 112 to peer 0x5c19b24b8b80 (13 bytes)
1775815801.583398 sending message 112 to peer 0x5c19b24b8b80 (13 bytes)
1775815801.583400 sending message 112 to peer 0x5c19b24b8b80 (13 bytes)
1775815801.583403 sending message 112 to peer 0x5c19b24b8b80 (9 bytes)
1775815801.583408 sending message 112 to peer 0x5c19b24b8b80 (12 bytes)
1775815801.583411 sending message 112 to peer 0x5c19b24b8b80 (13 bytes)
1775815801.583413 sending message 112 to peer 0x5c19b24b8b80 (13 bytes)
1775815801.583416 sending message 112 to peer 0x5c19b24b8b80 (13 bytes)
1775815801.583418 sending message 112 to peer 0x5c19b24b8b80 (13 bytes)
1775815801.583421 sending message 112 to peer 0x5c19b24b8b80 (13 bytes)
1775815801.583424 sending message 112 to peer 0x5c19b24b8b80 (11 bytes)
1775815801.583426 sending message 112 to peer 0x5c19b24b8b80 (12 bytes)
1775815801.583429 sending message 112 to peer 0x5c19b24b8b80 (13 bytes)
1775815801.583431 sending message 112 to peer 0x5c19b24b8b80 (13 bytes)
1775815801.583434 sending message 112 to peer 0x5c19b24b8b80 (13 bytes)
1775815801.583436 sending message 112 to peer 0x5c19b24b8b80 (13 bytes)
1775815801.583439 sending message 112 to peer 0x5c19b24b8b80 (13 bytes)
1775815801.583441 sending message 112 to peer 0x5c19b24b8b80 (11 bytes)
1775815801.583444 sending message 112 to peer 0x5c19b24b8b80 (12 bytes)
1775815801.583447 sending message 112 to peer 0x5c19b24b8b80 (12 bytes)
1775815801.583449 sending message 112 to peer 0x5c19b24b8b80 (12 bytes)
1775815801.583452 sending message 112 to peer 0x5c19b24b8b80 (12 bytes)
1775815801.583454 sending message 112 to peer 0x5c19b24b8b80 (12 bytes)
1775815801.583457 sending message 112 to peer 0x5c19b24b8b80 (21 bytes)
1775815801.583459 sending message 112 to peer 0x5c19b24b8b80 (12 bytes)
1775815801.583462 sending message 112 to peer 0x5c19b24b8b80 (9 bytes)
1775815801.583465 sending message 112 to peer 0x5c19b24b8b80 (6 bytes)
1775815801.583467 sending message 112 to peer 0x5c19b24b8b80 (13 bytes)
1775815801.583470 sending message 112 to peer 0x5c19b24b8b80 (10 bytes)
1775815801.583473 sending message 112 to peer 0x5c19b24b8b80 (24 bytes)
1775815801.583475 sending message 112 to peer 0x5c19b24b8b80 (13 bytes)
1775815801.583478 sending message 112 to peer 0x5c19b24b8b80 (9 bytes)
1775815801.583481 sending message 112 to peer 0x5c19b24b8b80 (70 bytes)
1775815801.583484 sending message 112 to peer 0x5c19b24b8b80 (69 bytes)
1775815801.583486 sending message 112 to peer 0x5c19b24b8b80 (12 bytes)
1775815801.583489 sending message 112 to peer 0x5c19b24b8b80 (10 bytes)
1775815801.583492 sending message 112 to peer 0x5c19b24b8b80 (10 bytes)
1775815801.583494 sending message 112 to peer 0x5c19b24b8b80 (24 bytes)
1775815801.583497 sending message 112 to peer 0x5c19b24b8b80 (13 bytes)
1775815801.583499 sending message 112 to peer 0x5c19b24b8b80 (10 bytes)
1775815801.583502 sending message 112 to peer 0x5c19b24b8b80 (10 bytes)
1775815801.583505 sending message 112 to peer 0x5c19b24b8b80 (10 bytes)
1775815801.583508 sending message 112 to peer 0x5c19b24b8b80 (13 bytes)
1775815801.583510 sending message 112 to peer 0x5c19b24b8b80 (15 bytes)
1775815801.583513 sending message 112 to peer 0x5c19b24b8b80 (5 bytes)
1775815801.583516 sending message 104 to peer 0x5c19b24b8b80 (0 bytes)
1775815801.583519 sending message 110 to peer 0x5c19b24b8b80 (0 bytes)
1775815801.583522 sending message 107 to peer 0x5c19b24b8b80 (4 bytes)
1775815801.583525 sending message 105 to peer 0x5c19b24b8b80 (16 bytes)
1775815801.583528 sending message 105 to peer 0x5c19b24b8b80 (20 bytes)
1775815801.583531 sending message 105 to peer 0x5c19b24b8b80 (173 bytes)
1775815801.583534 sending message 105 to peer 0x5c19b24b8b80 (29 bytes)
1775815801.583537 sending message 105 to peer 0x5c19b24b8b80 (46 bytes)
1775815801.583539 sending message 105 to peer 0x5c19b24b8b80 (7 bytes)
1775815801.583542 sending message 105 to peer 0x5c19b24b8b80 (54 bytes)
1775815801.583545 sending message 105 to peer 0x5c19b24b8b80 (33 bytes)
1775815801.583548 sending message 105 to peer 0x5c19b24b8b80 (41 bytes)
1775815801.583551 sending message 105 to peer 0x5c19b24b8b80 (17 bytes)
1775815801.583554 sending message 105 to peer 0x5c19b24b8b80 (121 bytes)
1775815801.583556 sending message 105 to peer 0x5c19b24b8b80 (126 bytes)
1775815801.583559 sending message 105 to peer 0x5c19b24b8b80 (20 bytes)
1775815801.583566 sending message 105 to peer 0x5c19b24b8b80 (13 bytes)
1775815801.583569 sending message 105 to peer 0x5c19b24b8b80 (1817 bytes)
1775815801.583582 sending message 105 to peer 0x5c19b24b8b80 (135 bytes)
1775815801.583585 sending message 105 to peer 0x5c19b24b8b80 (32 bytes)
1775815801.583588 sending message 105 to peer 0x5c19b24b8b80 (140 bytes)
1775815801.583590 sending message 105 to peer 0x5c19b24b8b80 (46 bytes)
1775815801.583593 sending message 105 to peer 0x5c19b24b8b80 (31 bytes)
1775815801.583595 sending message 105 to peer 0x5c19b24b8b80 (35 bytes)
1775815801.583598 sending message 105 to peer 0x5c19b24b8b80 (47 bytes)
1775815801.583601 sending message 105 to peer 0x5c19b24b8b80 (34 bytes)
1775815801.583603 sending message 105 to peer 0x5c19b24b8b80 (38 bytes)
1775815801.583606 sending message 105 to peer 0x5c19b24b8b80 (20 bytes)
1775815801.583609 sending message 105 to peer 0x5c19b24b8b80 (20 bytes)
1775815801.583611 sending message 105 to peer 0x5c19b24b8b80 (11 bytes)
1775815801.583614 sending message 105 to peer 0x5c19b24b8b80 (32 bytes)
1775815801.583617 sending message 105 to peer 0x5c19b24b8b80 (14 bytes)
1775815801.583620 sending message 105 to peer 0x5c19b24b8b80 (54 bytes)
1775815801.583623 sending message 105 to peer 0x5c19b24b8b80 (14 bytes)
1775815801.583626 sending message 105 to peer 0x5c19b24b8b80 (8 bytes)
1775815801.583629 sending message 105 to peer 0x5c19b24b8b80 (54 bytes)
1775815801.583632 sending message 105 to peer 0x5c19b24b8b80 (36 bytes)
1775815801.583635 sending message 105 to peer 0x5c19b24b8b80 (31 bytes)
1775815801.583638 sending message 105 to peer 0x5c19b24b8b80 (157 bytes)
1775815801.583641 sending message 105 to peer 0x5c19b24b8b80 (128 bytes)
1775815801.583644 sending message 105 to peer 0x5c19b24b8b80 (362 bytes)
1775815801.583647 sending message 105 to peer 0x5c19b24b8b80 (20 bytes)
1775815801.583650 sending message 105 to peer 0x5c19b24b8b80 (78 bytes)
1775815801.583653 sending message 105 to peer 0x5c19b24b8b80 (16 bytes)
1775815801.583656 sending message 106 to peer 0x5c19b24b8b80 (0 bytes)
1775815801.583699 sending message 200 to peer 0x5c19b24b8b80 (4 bytes)
1775815801.583702 client loop enter
1775815801.590492 peer 0x5c19b24b8b80 message 207
1775815801.590500 sending message 208 to peer 0x5c19b24b8b80 (0 bytes)
1775815805.258650 peer 0x5c19b24b8b80 message 201
1775815805.258691 sending message 205 to peer 0x5c19b24b8b80 (0 bytes)
1775815805.259419 peer 0x5c19b24b8b80 message 204
1775815805.259426 client loop exit
